{
    "@context": "http://localhost/odata/$metadata#passengers/$entity",
    "offset": 0,
    "name": "Alpha",
    "aage": 4,
    "dob": "2000-01-01T04:04:04+00:00",
    "chips": true,
    "dq": "2000-01-01",
    "in_role": "P1DT0S",
    "open_time": "05:05:05.000000",
    "flight_id": 1
}
