{
    "@context": "http://localhost/odata/$metadata#passengers/$entity",
    "id": "zeta",
    "name": "Zeta",
    "aage": 22
}
