@@ @@
         "dq": "2003-04-04",
         "open_time": "23:11:33",
         "in_role": 888.9
+    },
+    {
+        "name": "Oobleck",
+        "age": 22
     }
 ]
