@@ @@
         "flight_id": 1
     },
     {
+        "name": "Zeta"
+    },
+    {
         "name": "Beta",
         "age": 3,
         "dob": "2001-02-02 05:05:05",
