@@ @@
             "dq": "2003-04-04",
             "in_role": 888.9,
             "open_time": "23:11:33"
+        },
+        {
+            "id": 6,
+            "flight_id": null,
+            "name": "Oobleck",
+            "dob": null,
+            "age": 22,
+            "chips": null,
+            "dq": null,
+            "in_role": null,
+            "open_time": null
         }
     ],
     "pets": [
