{
    "@context": "http://localhost/odata/$metadata#passengers/$entity",
    "id": 6,
    "name": "Oobleck",
    "aage": 22,
    "dob": null,
    "chips": null,
    "dq": null,
    "in_role": null,
    "open_time": null,
    "flight_id": null
}
