@@ @@
 {
     "alpha": {
         "name": "Alpha",
-        "age": 4,
+        "age": null,
         "dob": "2000-01-01 04:04:04",
         "chips": true,
         "dq": "2000-01-01",
