@@ @@
 [
     {
-        "name": "Alpha",
-        "age": 4,
-        "dob": "2000-01-01 04:04:04",
-        "chips": true,
-        "dq": "2000-01-01",
-        "in_role": 86400,
-        "open_time": "05:05:05",
-        "flight_id": 1
-    },
-    {
         "name": "Beta",
         "age": 3,
         "dob": "2001-02-02 05:05:05",
