@@ @@
         "dq": "2000-01-01",
         "in_role": 86400,
         "open_time": "05:05:05",
-        "flight_id": 1
+        "flight_id": 1,
+        "origin": "ooo"
     },
     {
         "name": "Beta",
