@@ @@
 {
     "alpha": {
-        "name": "Alpha",
+        "name": "sfo",
         "age": 4,
         "dob": "2000-01-01 04:04:04",
         "chips": true,
